{"apiVersion":"tekton.dev/v1","kind":"Pipeline","metadata":{"annotations":{"operator.tekton.dev/preserve-namespace":"true"},"labels":{"pipeline.openshift.io/strategy":"docker","pipeline.openshift.io/type":"openshift"},"name":"buildah","namespace":"openshift"},"spec":{"params":[{"name":"APP_NAME","type":"string"},{"name":"GIT_REPO","type":"string"},{"name":"GIT_REVISION","type":"string"},{"name":"IMAGE_NAME","type":"string"},{"default":".","name":"PATH_CONTEXT","type":"string"}],"tasks":[{"name":"fetch-repository","params":[{"name":"url","value":"$(params.GIT_REPO)"},{"name":"revision","value":"$(params.GIT_REVISION)"},{"name":"subdirectory","value":""},{"name":"deleteExisting","value":"true"}],"taskRef":{"kind":"ClusterTask","name":"git-clone"},"workspaces":[{"name":"output","workspace":"workspace"}]},{"name":"build","params":[{"name":"IMAGE","value":"$(params.IMAGE_NAME)"},{"name":"TLSVERIFY","value":"false"},{"name":"CONTEXT","value":"$(params.PATH_CONTEXT)"}],"runAfter":["fetch-repository"],"taskRef":{"kind":"ClusterTask","name":"buildah"},"workspaces":[{"name":"source","workspace":"workspace"}]},{"name":"deploy","params":[{"name":"SCRIPT","value":"oc rollout status dc/$(params.APP_NAME)"}],"runAfter":["build"],"taskRef":{"kind":"ClusterTask","name":"openshift-client"}}],"workspaces":[{"name":"workspace"}]}}
