{"apiVersion":"tekton.dev/v1","kind":"Pipeline","metadata":{"annotations":{"operator.tekton.dev/preserve-namespace":"true"},"labels":{"pipeline.openshift.io/runtime":"nodejs","pipeline.openshift.io/type":"openshift"},"name":"s2i-nodejs-pr","namespace":"openshift"},"spec":{"params":[{"name":"APP_NAME","type":"string"},{"default":".","name":"PATH_CONTEXT","type":"string"},{"default":"12-ubi8","name":"VERSION","type":"string"}],"resources":[{"name":"app-source","type":"git"},{"name":"app-image","type":"image"}],"tasks":[{"name":"build","params":[{"name":"TLSVERIFY","value":"false"},{"name":"PATH_CONTEXT","value":"$(params.PATH_CONTEXT)"},{"name":"VERSION","value":"$(params.VERSION)"}],"resources":{"inputs":[{"name":"source","resource":"app-source"}],"outputs":[{"name":"image","resource":"app-image"}]},"taskRef":{"kind":"ClusterTask","name":"s2i-nodejs-pr"}},{"name":"deploy","params":[{"name":"ARGS","value":["rollout","status","dc/$(params.APP_NAME)"]}],"runAfter":["build"],"taskRef":{"kind":"ClusterTask","name":"openshift-client"}}]}}
